// Jest Snapshot v1, https://goo.gl/fbAQLP

exports[`Character matches a snapshot 1`] = `
Array [
  <h1>
     
    title
     
  </h1>,
  <h3>
     
    subtitle
     
  </h3>,
]
`;
