// Jest Snapshot v1, https://goo.gl/fbAQLP

exports[`App matches a snapshot 1`] = `
<Fragment>
  <label
    htmlFor="title"
  >
    Enter a title:
    <br />
    <input
      name="title"
      onChange={[MockFunction]}
      value="a title"
    />
  </label>
  <br />
  <label
    htmlFor="subtitle"
  >
    Enter a subtitle:
    <br />
    <input
      name="subtitle"
      onChange={[MockFunction]}
      value="a subtitle"
    />
  </label>
</Fragment>
`;
