// Jest Snapshot v1, https://goo.gl/fbAQLP

exports[`App matches a snapshot 1`] = `
<div>
  <h1>
    a title
  </h1>
  <h2>
    a subtitle
  </h2>
</div>
`;
