// Jest Snapshot v1, https://goo.gl/fbAQLP

exports[`Controls matches a snapshot 1`] = `
<Fragment>
  <input
    name="title"
  />
  <input
    name="subtitle"
  />
</Fragment>
`;
