// Jest Snapshot v1, https://goo.gl/fbAQLP

exports[`display snapshot can match a snapshot 1`] = `
<div>
  <h1>
    hello
  </h1>
  <h2>
    goodbye
  </h2>
</div>
`;
