// Jest Snapshot v1, https://goo.gl/fbAQLP

exports[`Controls matched a snapshot 1`] = `
Array [
  <input
    name="title"
  />,
  <input
    name="subtitle"
  />,
]
`;
