// Jest Snapshot v1, https://goo.gl/fbAQLP

exports[`App matches a snapshot 1`] = `
Array [
  <form>
    <input
      name="title"
      onChange={[Function]}
      type="text"
      value=""
    />
    <input
      name="subtitle"
      onChange={[Function]}
      type="text"
      value=""
    />
  </form>,
  <h1>
     
    
     
  </h1>,
  <h2>
     
    
     
  </h2>,
]
`;
