// Jest Snapshot v1, https://goo.gl/fbAQLP

exports[`Display matched a snapshot 1`] = `
Array [
  <h1 />,
  <h2 />,
]
`;
